// Jest Snapshot v1, https://goo.gl/fbAQLP

exports[`Frag renders correctly 1`] = `
<div>
  hola, nick
</div>
`;
